// Jest Snapshot v1, https://goo.gl/fbAQLP

exports[`components/BrowseChannels should match snapshot and state 1`] = `
<GenericModal
  aria-labelledby="browseChannelsModalLabel"
  aria-modal={true}
  autoCloseOnCancelButton={true}
  autoCloseOnConfirmButton={false}
  bodyPadding={false}
  compassDesign={true}
  enforceFocus={false}
  headerButton={
    <Memo(Connect(TeamPermissionGate))
      permissions={
        Array [
          "create_public_channel",
        ]
      }
      teamId="team_id"
    >
      <button
        aria-label="Create New Channel"
        className="btn outlineButton"
        id="createNewChannelButton"
        onClick={[Function]}
        type="button"
      >
        <Memo(MemoizedFormattedMessage)
          defaultMessage="Create New Channel"
          id="more_channels.create"
        />
      </button>
    </Memo(Connect(TeamPermissionGate))>
  }
  id="browseChannelsModal"
  keyboardEscape={true}
  modalHeaderText={
    <Memo(MemoizedFormattedMessage)
      defaultMessage="Browse Channels"
      id="more_channels.title"
    />
  }
  onExited={[Function]}
  show={true}
>
  <SearchableChannelList
    canShowArchivedChannels={true}
    channels={
      Array [
        Object {
          "create_at": 0,
          "creator_id": "id",
          "delete_at": 0,
          "display_name": "name",
          "group_constrained": false,
          "header": "header",
          "id": "channel_id",
          "last_post_at": 0,
          "last_root_post_at": 0,
          "name": "DN",
          "purpose": "purpose",
          "scheme_id": "id",
          "team_id": "team_id",
          "type": "O",
          "update_at": 0,
        },
      ]
    }
    channelsPerPage={50}
    closeModal={[MockFunction]}
    handleJoin={[Function]}
    hideJoinedChannelsPreference={[Function]}
    isSearch={false}
    loading={false}
    myChannelMemberships={Object {}}
    nextPage={[Function]}
    noResultsText={
      <React.Fragment>
        <p
          className="secondary-message"
        >
          <Memo(MemoizedFormattedMessage)
            defaultMessage="Try searching different keywords, checking for typos or adjusting the filters."
            id="more_channels.searchError"
          />
        </p>
        <Memo(Connect(TeamPermissionGate))
          permissions={
            Array [
              "create_public_channel",
            ]
          }
          teamId="team_id"
        >
          <button
            aria-label="Create New Channel"
            className="btn primaryButton"
            id="createNewChannelButton"
            onClick={[Function]}
            type="button"
          >
            <i
              className="icon-plus"
            />
            <Memo(MemoizedFormattedMessage)
              defaultMessage="Create New Channel"
              id="more_channels.create"
            />
          </button>
        </Memo(Connect(TeamPermissionGate))>
      </React.Fragment>
    }
    rememberHideJoinedChannelsChecked={false}
    search={[Function]}
    shouldShowArchivedChannels={false}
    toggleArchivedChannels={[Function]}
  />
</GenericModal>
`;
